test_A01_authentication_hard_stop (test_phage_authority_lineage_hhn_v0_1.HHNTests.test_A01_authentication_hard_stop) ... ok
test_A02_missing_state_and_exact_root (test_phage_authority_lineage_hhn_v0_1.HHNTests.test_A02_missing_state_and_exact_root) ... ok
test_A03_delegation_attenuation (test_phage_authority_lineage_hhn_v0_1.HHNTests.test_A03_delegation_attenuation) ... ok
test_A04_revocation_and_time (test_phage_authority_lineage_hhn_v0_1.HHNTests.test_A04_revocation_and_time) ... ok
test_A05_policy_and_request_binding (test_phage_authority_lineage_hhn_v0_1.HHNTests.test_A05_policy_and_request_binding) ... ok
test_E01_provider_and_verifier_faults (test_phage_authority_lineage_hhn_v0_1.HHNTests.test_E01_provider_and_verifier_faults) ... ok
test_H01_H02_caller_claims (test_phage_authority_lineage_hhn_v0_1.HHNTests.test_H01_H02_caller_claims) ... ok
test_H03_protected_target (test_phage_authority_lineage_hhn_v0_1.HHNTests.test_H03_protected_target) ... ok
test_HP01_HP02_positive_binding_and_order (test_phage_authority_lineage_hhn_v0_1.HHNTests.test_HP01_HP02_positive_binding_and_order) ... ok
test_N01_N02_cycles (test_phage_authority_lineage_hhn_v0_1.HHNTests.test_N01_N02_cycles) ... ok
test_N03_N04_budget_boundary (test_phage_authority_lineage_hhn_v0_1.HHNTests.test_N03_N04_budget_boundary) ... ok
test_R01_reacquires_state (test_phage_authority_lineage_hhn_v0_1.HHNTests.test_R01_reacquires_state) ... ok
test_V01_duplicate_and_malformed (test_phage_authority_lineage_hhn_v0_1.HHNTests.test_V01_duplicate_and_malformed) ... ok
test_matching_scopes_without_requested_authority (test_phage_authority_lineage_hhn_v0_1.HHNTests.test_matching_scopes_without_requested_authority) ... ok
test_missing_malformed_and_extra_state_table (test_phage_authority_lineage_hhn_v0_1.HHNTests.test_missing_malformed_and_extra_state_table) ... ok
test_request_and_api_validation_table (test_phage_authority_lineage_hhn_v0_1.HHNTests.test_request_and_api_validation_table) ... ok
test_root_and_intermediate_local_validity (test_phage_authority_lineage_hhn_v0_1.HHNTests.test_root_and_intermediate_local_validity) ... ok
test_seam_argument_isolation (test_phage_authority_lineage_hhn_v0_1.HHNTests.test_seam_argument_isolation) ... ok
test_authentication_hard_stop_at_issuance (test_phage_trust_boundary_lm_v0_1.DecisionTests.test_authentication_hard_stop_at_issuance) ... ok
test_authority_denials_preserved_at_issuance (test_phage_trust_boundary_lm_v0_1.DecisionTests.test_authority_denials_preserved_at_issuance) ... ok
test_callback_exception_propagates (test_phage_trust_boundary_lm_v0_1.DecisionTests.test_callback_exception_propagates) ... ok
test_caller_created_object_rejected (test_phage_trust_boundary_lm_v0_1.DecisionTests.test_caller_created_object_rejected) ... ok
test_caller_diagnostics_rejected_before_gate (test_phage_trust_boundary_lm_v0_1.DecisionTests.test_caller_diagnostics_rejected_before_gate) ... ok
test_fault_injection_is_distinct (test_phage_trust_boundary_lm_v0_1.DecisionTests.test_fault_injection_is_distinct) ... ok
test_issuance_evidence_trace_and_dedicated_diagnostics (test_phage_trust_boundary_lm_v0_1.DecisionTests.test_issuance_evidence_trace_and_dedicated_diagnostics) ... ok
test_nested_snapshot_after_consumer_mutation (test_phage_trust_boundary_lm_v0_1.DecisionTests.test_nested_snapshot_after_consumer_mutation) ... ok
test_other_artifact_kind_rejected (test_phage_trust_boundary_lm_v0_1.DecisionTests.test_other_artifact_kind_rejected) ... ok
test_payload_requires_plain_dict_before_gate (test_phage_trust_boundary_lm_v0_1.DecisionTests.test_payload_requires_plain_dict_before_gate) ... ok
test_payload_snapshot_isolated (test_phage_trust_boundary_lm_v0_1.DecisionTests.test_payload_snapshot_isolated) ... ok
test_positive_origin_at_use (test_phage_trust_boundary_lm_v0_1.DecisionTests.test_positive_origin_at_use) ... ok
test_producer_verifier_errors_preserved_at_issuance (test_phage_trust_boundary_lm_v0_1.DecisionTests.test_producer_verifier_errors_preserved_at_issuance) ... ok
test_reverify_every_use (test_phage_trust_boundary_lm_v0_1.DecisionTests.test_reverify_every_use) ... ok
test_tampered_content_rejected (test_phage_trust_boundary_lm_v0_1.DecisionTests.test_tampered_content_rejected) ... ok
test_verified_evidence_is_not_artifact (test_phage_trust_boundary_lm_v0_1.DecisionTests.test_verified_evidence_is_not_artifact) ... ok
test_verifier_must_return_exact_boolean (test_phage_trust_boundary_lm_v0_1.DecisionTests.test_verifier_must_return_exact_boolean) ... ok
test_authentication_hard_stop_at_issuance (test_phage_trust_boundary_lm_v0_1.ReceiptTests.test_authentication_hard_stop_at_issuance) ... ok
test_authority_denials_preserved_at_issuance (test_phage_trust_boundary_lm_v0_1.ReceiptTests.test_authority_denials_preserved_at_issuance) ... ok
test_callback_exception_propagates (test_phage_trust_boundary_lm_v0_1.ReceiptTests.test_callback_exception_propagates) ... ok
test_caller_created_object_rejected (test_phage_trust_boundary_lm_v0_1.ReceiptTests.test_caller_created_object_rejected) ... ok
test_caller_diagnostics_rejected_before_gate (test_phage_trust_boundary_lm_v0_1.ReceiptTests.test_caller_diagnostics_rejected_before_gate) ... ok
test_fault_injection_is_distinct (test_phage_trust_boundary_lm_v0_1.ReceiptTests.test_fault_injection_is_distinct) ... ok
test_issuance_evidence_trace_and_dedicated_diagnostics (test_phage_trust_boundary_lm_v0_1.ReceiptTests.test_issuance_evidence_trace_and_dedicated_diagnostics) ... ok
test_nested_snapshot_after_consumer_mutation (test_phage_trust_boundary_lm_v0_1.ReceiptTests.test_nested_snapshot_after_consumer_mutation) ... ok
test_other_artifact_kind_rejected (test_phage_trust_boundary_lm_v0_1.ReceiptTests.test_other_artifact_kind_rejected) ... ok
test_payload_requires_plain_dict_before_gate (test_phage_trust_boundary_lm_v0_1.ReceiptTests.test_payload_requires_plain_dict_before_gate) ... ok
test_payload_snapshot_isolated (test_phage_trust_boundary_lm_v0_1.ReceiptTests.test_payload_snapshot_isolated) ... ok
test_positive_origin_at_use (test_phage_trust_boundary_lm_v0_1.ReceiptTests.test_positive_origin_at_use) ... ok
test_producer_verifier_errors_preserved_at_issuance (test_phage_trust_boundary_lm_v0_1.ReceiptTests.test_producer_verifier_errors_preserved_at_issuance) ... ok
test_reverify_every_use (test_phage_trust_boundary_lm_v0_1.ReceiptTests.test_reverify_every_use) ... ok
test_tampered_content_rejected (test_phage_trust_boundary_lm_v0_1.ReceiptTests.test_tampered_content_rejected) ... ok
test_verified_evidence_is_not_artifact (test_phage_trust_boundary_lm_v0_1.ReceiptTests.test_verified_evidence_is_not_artifact) ... ok
test_verifier_must_return_exact_boolean (test_phage_trust_boundary_lm_v0_1.ReceiptTests.test_verifier_must_return_exact_boolean) ... ok
test_authentication_bad_result_skips_authority (test_phage_producer_verifier_contract_v0_2.ProducerVerifierContract.test_authentication_bad_result_skips_authority) ... ok
test_authentication_exception_skips_authority (test_phage_producer_verifier_contract_v0_2.ProducerVerifierContract.test_authentication_exception_skips_authority) ... ok
test_authentication_failure_skips_authority (test_phage_producer_verifier_contract_v0_2.ProducerVerifierContract.test_authentication_failure_skips_authority) ... ok
test_authentication_reported_error_skips_authority (test_phage_producer_verifier_contract_v0_2.ProducerVerifierContract.test_authentication_reported_error_skips_authority) ... ok
test_authority_bad_result_distinguished (test_phage_producer_verifier_contract_v0_2.ProducerVerifierContract.test_authority_bad_result_distinguished) ... ok
test_authority_exception_distinguished (test_phage_producer_verifier_contract_v0_2.ProducerVerifierContract.test_authority_exception_distinguished) ... ok
test_authority_reported_error_distinguished (test_phage_producer_verifier_contract_v0_2.ProducerVerifierContract.test_authority_reported_error_distinguished) ... ok
test_authority_revoked_preserved (test_phage_producer_verifier_contract_v0_2.ProducerVerifierContract.test_authority_revoked_preserved) ... ok
test_authority_unknown_preserved (test_phage_producer_verifier_contract_v0_2.ProducerVerifierContract.test_authority_unknown_preserved) ... ok
test_authority_unresolved_preserved (test_phage_producer_verifier_contract_v0_2.ProducerVerifierContract.test_authority_unresolved_preserved) ... ok
test_binding_registry_rejected_as_sink_without_mutation (test_phage_producer_verifier_contract_v0_2.ProducerVerifierContract.test_binding_registry_rejected_as_sink_without_mutation) ... ok
test_default_path_ordinary_denial_remains_none (test_phage_producer_verifier_contract_v0_2.ProducerVerifierContract.test_default_path_ordinary_denial_remains_none) ... ok
test_default_path_verifier_errors_are_observable (test_phage_producer_verifier_contract_v0_2.ProducerVerifierContract.test_default_path_verifier_errors_are_observable) ... ok
test_invalid_sink_rejected_before_verification (test_phage_producer_verifier_contract_v0_2.ProducerVerifierContract.test_invalid_sink_rejected_before_verification) ... ok
test_module_globals_rejected_without_mutation (test_phage_producer_verifier_contract_v0_2.ProducerVerifierContract.test_module_globals_rejected_without_mutation) ... ok
test_output_clears_extra_keys_and_permission_is_gate_only (test_phage_producer_verifier_contract_v0_2.ProducerVerifierContract.test_output_clears_extra_keys_and_permission_is_gate_only) ... ok
test_positive_sequence_and_diagnostic_isolation (test_phage_producer_verifier_contract_v0_2.ProducerVerifierContract.test_positive_sequence_and_diagnostic_isolation) ... ok
test_supported_caller_status_does_not_override_verifier (test_phage_producer_verifier_contract_v0_2.ProducerVerifierContract.test_supported_caller_status_does_not_override_verifier) ... ok
test_trusted_candidate_rejected_without_mutation (test_phage_producer_verifier_contract_v0_2.ProducerVerifierContract.test_trusted_candidate_rejected_without_mutation) ... ok
test_unsupported_input_does_not_write_diagnostics (test_phage_producer_verifier_contract_v0_2.ProducerVerifierContract.test_unsupported_input_does_not_write_diagnostics) ... ok

----------------------------------------------------------------------
Ran 72 tests in 0.117s

OK
