PASS valid two-grant chain: POLICY_CHANGE_AUTHORIZED visited=['L', 'R']
PASS root revoked: AUTHORITY_REVOKED visited=['L', 'R']
PASS root unknown revocation: AUTHORITY_UNRESOLVED visited=['L', 'R']
PASS root not current before attenuation: AUTHORITY_NOT_CURRENT visited=['L', 'R']
PASS issuer binding: AUTHORITY_SCOPE_VIOLATION visited=['L', 'R']
PASS delegation permission: AUTHORITY_SCOPE_VIOLATION visited=['L', 'R']
PASS target expansion: AUTHORITY_SCOPE_VIOLATION visited=['L', 'R']
PASS validity expansion: AUTHORITY_SCOPE_VIOLATION visited=['L', 'R']
PASS anchor revision exact: AUTHORITY_UNRESOLVED visited=['L', 'R']
PASS anchor digest exact: AUTHORITY_UNRESOLVED visited=['L', 'R']
PASS budget below root: AUTHORITY_LIMIT_EXCEEDED visited=['L']
PASS bool time rejected: INVALID_AUTHORITY_INPUT visited=[]
PASS tuple operations rejected: INVALID_AUTHORITY_INPUT visited=[]
PASS unknown record vocabulary: INVALID_AUTHORITY_INPUT visited=[]
PASS wildcard target rejected: INVALID_AUTHORITY_INPUT visited=[]
PASS malformed overrides missing globally: INVALID_AUTHORITY_INPUT visited=[]
PASS unvisited revoked excluded from local checks: POLICY_CHANGE_AUTHORIZED visited=['L', 'R']
PASS unvisited malformed included globally: INVALID_AUTHORITY_INPUT visited=[]
PASS ordinary dict subclass rejected: INVALID_AUTHORITY_INPUT visited=[]
PASS copy must not normalize nonplain snapshot: INVALID_AUTHORITY_INPUT visited=[]
PASS copy must not normalize nonplain grant: INVALID_AUTHORITY_INPUT visited=[]
PASS copy must not normalize nonexact list: INVALID_AUTHORITY_INPUT visited=[]
PASS uncopyable malformed field has input reason: INVALID_AUTHORITY_INPUT visited=[]
PASS uncopyable malformed overrides missing: INVALID_AUTHORITY_INPUT visited=[]
24 checks; 0 mismatches
